---
source: crates/ruff_linter/src/rules/pep8_naming/mod.rs
---
file without package.py:1:1: N999 Invalid module name: 'file without package'
